c:\users\mohamad\desktop\learning-cpp-full\tamrinat\s6\module\x64\debug\vc143.pdb
c:\users\mohamad\desktop\learning-cpp-full\tamrinat\s6\module\x64\debug\vc143.idb
c:\users\mohamad\desktop\learning-cpp-full\tamrinat\s6\module\x64\debug\math.obj
c:\users\mohamad\desktop\learning-cpp-full\tamrinat\s6\module\x64\debug\module.ixx.ifc
c:\users\mohamad\desktop\learning-cpp-full\tamrinat\s6\module\x64\debug\module.ixx.ifc.d.json
c:\users\mohamad\desktop\learning-cpp-full\tamrinat\s6\module\x64\debug\module.ixx.obj
c:\users\mohamad\desktop\learning-cpp-full\tamrinat\s6\module\x64\debug\microsoft\stl\std.compat.ixx.ifc
c:\users\mohamad\desktop\learning-cpp-full\tamrinat\s6\module\x64\debug\microsoft\stl\std.compat.ixx.ifc.d.json
c:\users\mohamad\desktop\learning-cpp-full\tamrinat\s6\module\x64\debug\microsoft\stl\std.compat.ixx.obj
c:\users\mohamad\desktop\learning-cpp-full\tamrinat\s6\module\x64\debug\microsoft\stl\std.ixx.ifc
c:\users\mohamad\desktop\learning-cpp-full\tamrinat\s6\module\x64\debug\microsoft\stl\std.ixx.ifc.d.json
c:\users\mohamad\desktop\learning-cpp-full\tamrinat\s6\module\x64\debug\microsoft\stl\std.ixx.obj
c:\users\mohamad\desktop\learning-cpp-full\tamrinat\s6\module\x64\debug\microsoft\stl\std.compat.ixx.module.json
c:\users\mohamad\desktop\learning-cpp-full\tamrinat\s6\module\x64\debug\microsoft\stl\std.ixx.module.json
c:\users\mohamad\desktop\learning-cpp-full\tamrinat\s6\module\x64\debug\module.ixx.module.json
c:\users\mohamad\desktop\learning-cpp-full\tamrinat\s6\module\x64\debug\module.tlog\cl.command.1.tlog
c:\users\mohamad\desktop\learning-cpp-full\tamrinat\s6\module\x64\debug\module.tlog\cl.read.1.tlog
c:\users\mohamad\desktop\learning-cpp-full\tamrinat\s6\module\x64\debug\module.tlog\cl.write.1.tlog
c:\users\mohamad\desktop\learning-cpp-full\tamrinat\s6\module\x64\debug\module_md.tlog\cl.command.1.tlog
c:\users\mohamad\desktop\learning-cpp-full\tamrinat\s6\module\x64\debug\module_md.tlog\microsoft.build.cpptasks.cl.read.1.tlog
c:\users\mohamad\desktop\learning-cpp-full\tamrinat\s6\module\x64\debug\module_md.tlog\microsoft.build.cpptasks.cl.write.1.tlog
